<html>
<body>
<pre>
<h1>�Vision Build Log</h1>
<h2>Tool Versions:</h2>
IDE-Version: �Vision V5.36.0.0
Copyright (C) 2021 ARM Ltd and ARM Germany GmbH. All rights reserved.
License Information: Vitaly Rogozhkin, ., LIC=----
 
Tool Versions:
Toolchain:       MDK-Lite  Version: 5.36.0.0
Toolchain Path:  C:\Keil_v5\ARM\ARMCLANG\Bin
C Compiler:      ArmClang.exe V6.16
Assembler:       Armasm.exe V6.16
Linker/Locator:  ArmLink.exe V6.16
Library Manager: ArmAr.exe V6.16
Hex Converter:   FromElf.exe V6.16
CPU DLL:         SARMCM3.DLL V5.36.0.0
Dialog DLL:      DCM.DLL V1.17.3.0
Target DLL:      STLink\ST-LINKIII-KEIL_SWO.dll V3.0.9.0
Dialog DLL:      TCM.DLL V1.53.0.0
 
<h2>Project:</h2>
C:\Users\VitPC\Documents\Stazhirovka SPELS\MDR1211FI\Projects\DAC-ADC\project.uvprojx
Project File Date:  04/30/2026

<h2>Output:</h2>
*** Using Compiler 'V6.16', folder: 'C:\Keil_v5\ARM\ARMCLANG\Bin'
Build target 'Target 1'
main.c(10): warning: implicit conversion changes signedness: 'int' to 'unsigned int' [-Wsign-conversion]
        MDR_PORTE->ANALOG &= ~(1 << 0); // E0 - OUT
                          ~~ ^~~~~~~~~
main.c(11): warning: implicit conversion changes signedness: 'int' to 'unsigned int' [-Wsign-conversion]
  MDR_PORTE->ANALOG &= ~(1 << 2); // E1 - REF
                    ~~ ^~~~~~~~~
main.c(9): warning: no previous prototype for function 'DAC_init' [-Wmissing-prototypes]
void DAC_init(void) {
     ^
main.c(9): note: declare 'static' if the function is not intended to be used outside of this translation unit
void DAC_init(void) {
^
static 
main.c(18): warning: implicit conversion changes signedness: 'int' to 'unsigned int' [-Wsign-conversion]
        MDR_PORTD->ANALOG &= ~(1 << 0); // 0 — аналоговый режим
                          ~~ ^~~~~~~~~
main.c(21): warning: implicit conversion changes signedness: 'int' to 'unsigned int' [-Wsign-conversion]
        MDR_RST_CLK->ADC_MCO_CLOCK &= ~(1 << RST_CLK_ADC_MCO_CLOCK_ADC_C1_SEL_Pos);// Биты выбора источника для ADC_C1: 00 – CPU_C1
                                   ~~ ^~~~~~~~~~~~~~~~~~~~~~~~~~~~~~~~~~~~~~~~~~~~
main.c(17): warning: no previous prototype for function 'ADC_init' [-Wmissing-prototypes]
void ADC_init(void) {
     ^
main.c(17): note: declare 'static' if the function is not intended to be used outside of this translation unit
void ADC_init(void) {
^
static 
main.c(33): warning: binary integer literals are a GNU extension [-Wgnu-binary-literal]
                MDR_ADC->ADC1_CFG &= ~(0b11111 << ADC1_CFG_REG_CHS_Pos); // зануляем для выбора
                                       ^
main.c(33): warning: implicit conversion changes signedness: 'int' to 'unsigned int' [-Wsign-conversion]
                MDR_ADC->ADC1_CFG &= ~(0b11111 << ADC1_CFG_REG_CHS_Pos); // зануляем для выбора
                                  ~~ ^~~~~~~~~~~~~~~~~~~~~~~~~~~~~~~~~~
main.c(34): warning: implicit conversion changes signedness: 'int' to 'unsigned int' [-Wsign-conversion]
                MDR_ADC->ADC1_CFG |= (ch << ADC1_CFG_REG_CHS_Pos); // Выбор аналогового канала, по которому поступает сигнал для преобразования
                                  ~~  ~~~^~~~~~~~~~~~~~~~~~~~~~~
main.c(31): warning: no previous prototype for function 'ADC_read' [-Wmissing-prototypes]
uint32_t ADC_read(uint8_t ch) {
         ^
main.c(31): note: declare 'static' if the function is not intended to be used outside of this translation unit
uint32_t ADC_read(uint8_t ch) {
^
static 
main.c(40): warning: no previous extern declaration for non-static variable 'ADC_result' [-Wmissing-variable-declarations]
uint32_t ADC_result = 0;
         ^
main.c(40): note: declare 'static' if the variable is not intended to be used outside of this translation unit
uint32_t ADC_result = 0;
^
main.c(75): warning: no newline at end of file [-Wnewline-eof]
}
 ^
12 warnings generated.
compiling main.c...
linking...
Program Size: Code=848 RO-data=224 RW-data=4 ZI-data=1640  
".\Objects\project.axf" - 0 Error(s), 12 Warning(s).

<h2>Software Packages used:</h2>

Package Vendor: ARM
                http://www.keil.com/pack/ARM.CMSIS.5.8.0.pack
                ARM.CMSIS.5.8.0
                CMSIS (Common Microcontroller Software Interface Standard)
   * Component: CORE Version: 5.5.0

Package Vendor: Milandr
                
                Milandr.MDR32FxQI.1.3.2
                Milandr MDR32FxQI Series Device Support, Drivers and Examples
   * Component: Startup Version: 2.2.0i
   * Component: ADC Version: 2.2.0i
   * Component: DAC Version: 2.2.0i
   * Component: PORT Version: 2.2.0i
   * Component: POWER Version: 2.2.0i
   * Component: RST_CLK Version: 2.2.0i

<h2>Collection of Component include folders:</h2>
  .\RTE\Device\MDR32F9Q2I
  .\RTE\_Target_1
  C:\Users\VitPC\AppData\Local\Arm\Packs\ARM\CMSIS\5.8.0\CMSIS\Core\Include
  C:\Users\VitPC\AppData\Local\Arm\Packs\Milandr\MDR32FxQI\1.3.2\Libraries\CMSIS\MDR32FxQI\CoreSupport\CM3
  C:\Users\VitPC\AppData\Local\Arm\Packs\Milandr\MDR32FxQI\1.3.2\Libraries\CMSIS\MDR32FxQI\DeviceSupport\MDR32F9Q2I\inc
  C:\Users\VitPC\AppData\Local\Arm\Packs\Milandr\MDR32FxQI\1.3.2\Libraries\SPL\MDR32FxQI\inc

<h2>Collection of Component Files used:</h2>

   * Component: ARM::CMSIS:CORE:5.5.0

   * Component: Milandr::Device:Startup:2.2.0i
      Source file:   Libraries\CMSIS\MDR32FxQI\DeviceSupport\MDR32F9Q2I\startup\arm\startup_MDR32F9Q2I.S
      Include file:  Libraries\CMSIS\MDR32FxQI\CoreSupport\CM3\core_cm3.h
      Include file:  Libraries\SPL\MDR32FxQI\MDR32FxQI_config.h
      Source file:   Libraries\CMSIS\MDR32FxQI\DeviceSupport\MDR32F9Q2I\startup\system_MDR32F9Q2I.c
      Include file:  Libraries\CMSIS\MDR32FxQI\DeviceSupport\MDR32F9Q2I\startup\system_MDR32F9Q2I.h
      Include file:  Libraries\CMSIS\MDR32FxQI\DeviceSupport\MDR32F9Q2I\inc\MDR32F9Q2I.h
      Source file:   Libraries\SPL\MDR32FxQI\src\IRQ_Handler_Template\MDR32F9Q2I_IT.c
      Include file:  Libraries\SPL\MDR32FxQI\inc\IRQ_Handler_Template\MDR32F9Q2I_IT.h

   * Component: Milandr::Drivers:ADC:2.2.0i
      Include file:  Libraries\SPL\MDR32FxQI\inc\MDR32FxQI_adc.h
      Source file:   Libraries\SPL\MDR32FxQI\src\MDR32FxQI_adc.c

   * Component: Milandr::Drivers:DAC:2.2.0i
      Source file:   Libraries\SPL\MDR32FxQI\src\MDR32FxQI_dac.c
      Include file:  Libraries\SPL\MDR32FxQI\inc\MDR32FxQI_dac.h

   * Component: Milandr::Drivers:PORT:2.2.0i
      Include file:  Libraries\SPL\MDR32FxQI\inc\MDR32FxQI_port.h
      Source file:   Libraries\SPL\MDR32FxQI\src\MDR32FxQI_port.c

   * Component: Milandr::Drivers:POWER:2.2.0i
      Include file:  Libraries\SPL\MDR32FxQI\inc\MDR32FxQI_power.h
      Source file:   Libraries\SPL\MDR32FxQI\src\MDR32FxQI_power.c

   * Component: Milandr::Drivers:RST_CLK:2.2.0i
      Source file:   Libraries\SPL\MDR32FxQI\src\MDR32FxQI_rst_clk.c
      Include file:  Libraries\SPL\MDR32FxQI\inc\MDR32FxQI_rst_clk.h
Build Time Elapsed:  00:00:01
</pre>
</body>
</html>
